<?xml version="1.0" encoding="utf-8"?><testsuites name="pytest tests"><testsuite name="pytest" errors="0" failures="0" skipped="0" tests="111" time="8.185" timestamp="2026-09-11T17:12:35.402364+07:00" hostname="localhost"><testcase classname="tests.test_core" name="test_energy_worked_example_and_tick_speeds" time="0.001" /><testcase classname="tests.test_core" name="test_charge_crosses_80_without_wrong_power_or_overcharge" time="0.001" /><testcase classname="tests.test_core" name="test_configuration_roundtrip_and_unknown_key_rejection" time="0.008" /><testcase classname="tests.test_core" name="test_every_test_scenario_valid_reproducible[S1]" time="0.024" /><testcase classname="tests.test_core" name="test_every_test_scenario_valid_reproducible[S2]" time="0.014" /><testcase classname="tests.test_core" name="test_every_test_scenario_valid_reproducible[S3]" time="0.018" /><testcase classname="tests.test_core" name="test_every_test_scenario_valid_reproducible[S4]" time="0.014" /><testcase classname="tests.test_core" name="test_every_test_scenario_valid_reproducible[S5]" time="0.015" /><testcase classname="tests.test_core" name="test_every_test_scenario_valid_reproducible[S6]" time="0.013" /><testcase classname="tests.test_core" name="test_every_test_scenario_valid_reproducible[S7]" time="0.016" /><testcase classname="tests.test_core" name="test_every_test_scenario_valid_reproducible[S8]" time="0.013" /><testcase classname="tests.test_core" name="test_every_test_scenario_valid_reproducible[S9]" time="0.028" /><testcase classname="tests.test_core" name="test_s4_s6_match_low_soc_subset_and_moved_station_intent" time="0.002" /><testcase classname="tests.test_core" name="test_all_pending_tasks_counted_even_outside_observation" time="0.214" /><testcase classname="tests.test_core" name="test_tape_future_not_observed_and_invalid_action_has_fallback" time="0.081" /><testcase classname="tests.test_core" name="test_snapshot_mutation_cannot_mutate_engine" time="0.018" /><testcase classname="tests.test_core" name="test_episode_requires_reset_after_termination" time="0.109" /><testcase classname="tests.test_evaluation" name="test_method_definitions_match_proposal" time="0.001" /><testcase classname="tests.test_evaluation" name="test_policy_invalid_action_falls_back_and_records_reason[nan]" time="0.001" /><testcase classname="tests.test_evaluation" name="test_policy_invalid_action_falls_back_and_records_reason[inf]" time="0.001" /><testcase classname="tests.test_evaluation" name="test_policy_invalid_action_falls_back_and_records_reason[-1]" time="0.000" /><testcase classname="tests.test_evaluation" name="test_policy_invalid_action_falls_back_and_records_reason[6]" time="0.000" /><testcase classname="tests.test_evaluation" name="test_policy_invalid_action_falls_back_and_records_reason[0.5]" time="0.000" /><testcase classname="tests.test_evaluation" name="test_policy_invalid_action_falls_back_and_records_reason[action5]" time="0.000" /><testcase classname="tests.test_evaluation" name="test_policy_exception_is_logged_and_baseline_skips_policy" time="0.000" /><testcase classname="tests.test_evaluation" name="test_record_replay_matches_hashes_and_sqlite_index" time="0.012" /><testcase classname="tests.test_evaluation" name="test_paired_bootstrap_uses_matched_tape_and_training_replicates" time="0.001" /><testcase classname="tests.test_evaluation" name="test_unmatched_hash_and_tiny_smoke_cannot_claim_ci" time="0.001" /><testcase classname="tests.test_evaluation" name="test_missing_crossed_checkpoint_cell_withholds_ci" time="0.001" /><testcase classname="tests.test_evaluation" name="test_serialization_uses_json_null_for_nonfinite" time="0.000" /><testcase classname="tests.test_evaluation" name="test_run_episode_logs_inference_failure_and_preserves_tape" time="0.009" /><testcase classname="tests.test_evaluation" name="test_dashboard_headless_render_and_robot_selection" time="0.123" /><testcase classname="tests.test_evaluation" name="test_evidence_refuses_overwrite" time="0.008" /><testcase classname="tests.test_evaluation" name="test_inference_latency_and_failure_enter_env_metrics" time="0.000" /><testcase classname="tests.test_evaluation" name="test_ui_injections_record_identical_tape_for_all_methods" time="0.310" /><testcase classname="tests.test_evaluation" name="test_live_ui_pause_start_and_fast_playback" time="0.433" /><testcase classname="tests.test_optimizer" name="test_invalid_action_has_explicit_fallback[nan]" time="0.001" /><testcase classname="tests.test_optimizer" name="test_invalid_action_has_explicit_fallback[inf]" time="0.000" /><testcase classname="tests.test_optimizer" name="test_invalid_action_has_explicit_fallback[-1]" time="0.000" /><testcase classname="tests.test_optimizer" name="test_invalid_action_has_explicit_fallback[6]" time="0.000" /><testcase classname="tests.test_optimizer" name="test_invalid_action_has_explicit_fallback[2.5]" time="0.000" /><testcase classname="tests.test_optimizer" name="test_invalid_action_has_explicit_fallback[None]" time="0.000" /><testcase classname="tests.test_optimizer" name="test_invalid_action_has_explicit_fallback[bad]" time="0.001" /><testcase classname="tests.test_optimizer" name="test_charge_tail_can_extend_beyond_start_horizon" time="0.000" /><testcase classname="tests.test_optimizer" name="test_half_open_port_intervals_and_grid_rounding" time="0.000" /><testcase classname="tests.test_optimizer" name="test_queue_capacity_counts_only_overlapping_waits" time="0.000" /><testcase classname="tests.test_optimizer" name="test_busy_fleet_serves_work_instead_of_all_charge_or_wait" time="0.010" /><testcase classname="tests.test_optimizer" name="test_same_soc_different_observed_demand_changes_work_or_charge" time="0.006" /><testcase classname="tests.test_optimizer" name="test_candidate_generation_enforces_payload_and_energy_reserve" time="0.002" /><testcase classname="tests.test_optimizer" name="test_charge_plans_have_nonoverlapping_ports_and_keep_long_tail" time="0.016" /><testcase classname="tests.test_optimizer" name="test_station_queue_cumulative_blocks_a_fifth_waiting_robot" time="0.004" /><testcase classname="tests.test_optimizer" name="test_task_is_rejected_when_return_calendar_is_unavailable" time="0.002" /><testcase classname="tests.test_optimizer" name="test_partial60_fits_a_gap_while80_and95_do_not" time="0.005" /><testcase classname="tests.test_optimizer" name="test_profiles_change_partial_charge_target_without_changing_candidates" time="0.005" /><testcase classname="tests.test_optimizer" name="test_critical_battery_gets_port_before_healthy_elective_charging" time="0.003" /><testcase classname="tests.test_optimizer" name="test_subfive_percent_topups_are_not_charge_candidates" time="0.003" /><testcase classname="tests.test_optimizer" name="test_threshold_ablation_locks_timing_and95_target" time="0.004" /><testcase classname="tests.test_optimizer" name="test_stale_snapshot_and_invalid_policy_are_logged" time="0.005" /><testcase classname="tests.test_optimizer" name="test_fixed_baseline_uses_exact_same_candidate_set" time="0.006" /><testcase classname="tests.test_optimizer" name="test_solver_failure_never_reads_a_nonexistent_solution" time="0.005" /><testcase classname="tests.test_planner" name="test_shortest_path_obstacles_and_unreachable" time="0.000" /><testcase classname="tests.test_planner" name="test_dynamic_detour_and_blocked_edge_cache_invalidation" time="0.001" /><testcase classname="tests.test_planner" name="test_vertex_collision_and_head_on_swap_rejected" time="0.001" /><testcase classname="tests.test_planner" name="test_origin_held_until_arrival_no_following_through_robot" time="0.000" /><testcase classname="tests.test_planner" name="test_pending_target_and_breakdown_occupancy_are_preserved" time="0.001" /><testcase classname="tests.test_planner" name="test_timed_path_waits_for_committed_origin_release" time="0.000" /><testcase classname="tests.test_planner" name="test_timed_path_bounded_prefix_and_stationary_corridor_block" time="0.000" /><testcase classname="tests.test_planner" name="test_opposing_corridor_routes_wait_without_teleporting" time="0.001" /><testcase classname="tests.test_planner" name="test_heterogeneous_random_traffic_invariants" time="0.023" /><testcase classname="tests.test_planner" name="test_invalid_registration_geometry_and_time" time="0.000" /><testcase classname="tests.test_planner" name="test_immediate_cancel_keeps_origin_and_releases_only_destination" time="0.000" /><testcase classname="tests.test_planner" name="test_cancel_after_edge_entry_is_forbidden" time="0.000" /><testcase classname="tests.test_planner" name="test_corridor_opposing_entry_is_rejected_before_robots_meet" time="0.000" /><testcase classname="tests.test_planner" name="test_corridor_same_direction_following_with_free_gap" time="0.000" /><testcase classname="tests.test_planner" name="test_corridor_unknown_stationary_direction_blocks_entry_but_not_exit" time="0.000" /><testcase classname="tests.test_planner" name="test_corridor_unlocks_after_physical_exit_and_has_no_stale_state" time="0.000" /><testcase classname="tests.test_planner" name="test_corridor_topology_rebuild_and_corner_chain" time="0.000" /><testcase classname="tests.test_planner" name="test_timed_path_extra_blocks_avoid_port_transit_and_allow_start_egress" time="0.000" /><testcase classname="tests.test_rl" name="test_entity_encoder_is_permutation_invariant_and_ignores_padding" time="1.035" /><testcase classname="tests.test_rl" name="test_empty_entities_have_finite_forward_and_backward" time="0.715" /><testcase classname="tests.test_rl" name="test_policy_architecture_switch_preserves_proposal_mlp" time="0.001" /><testcase classname="tests.test_rl" name="test_validation_prioritizes_safety_and_rejects_partial_episodes" time="0.001" /><testcase classname="tests.test_rl" name="test_training_reset_cannot_escape_training_seed_range" time="0.002" /><testcase classname="tests.test_rl" name="test_curriculum_keeps_target_config_and_disables_short_warmup" time="0.001" /><testcase classname="tests.test_rl" name="test_episode_mixing_is_reproducible_masked_and_isolated_from_validation" time="0.267" /><testcase classname="tests.test_rl" name="test_real_env_ppo_update_checkpoint_reload_and_resume[entities]" time="2.107" /><testcase classname="tests.test_rl" name="test_real_env_ppo_update_checkpoint_reload_and_resume[mlp]" time="0.970" /><testcase classname="tests.test_simulator" name="test_complete_task_has_real_transit_service_and_energy" time="0.006" /><testcase classname="tests.test_simulator" name="test_heterogeneous_speed_ceil_tick[L-0.5]" time="0.003" /><testcase classname="tests.test_simulator" name="test_heterogeneous_speed_ceil_tick[M-1.0]" time="0.003" /><testcase classname="tests.test_simulator" name="test_heterogeneous_speed_ceil_tick[H-1.5]" time="0.002" /><testcase classname="tests.test_simulator" name="test_duplicate_assignment_payload_and_energy_guards_are_atomic" time="0.003" /><testcase classname="tests.test_simulator" name="test_delayed_snapshot_contains_no_future_tasks_and_rejects_stale_plan" time="0.003" /><testcase classname="tests.test_simulator" name="test_plan_replay_is_rejected" time="0.002" /><testcase classname="tests.test_simulator" name="test_pause_cancels_unpicked_work_but_preserves_carried_goods" time="0.004" /><testcase classname="tests.test_simulator" name="test_block_occupied_cell_rejected_and_empty_block_routes_around" time="0.002" /><testcase classname="tests.test_simulator" name="test_partial_charge_real_queue_docking_and_target_release[0.6]" time="0.010" /><testcase classname="tests.test_simulator" name="test_partial_charge_real_queue_docking_and_target_release[0.8]" time="0.023" /><testcase classname="tests.test_simulator" name="test_partial_charge_real_queue_docking_and_target_release[0.95]" time="0.044" /><testcase classname="tests.test_simulator" name="test_booking_overlap_and_finite_queue_rejected" time="0.003" /><testcase classname="tests.test_simulator" name="test_late_arrival_extends_interval_tail_without_overlap" time="0.003" /><testcase classname="tests.test_simulator" name="test_two_robot_motion_never_collides" time="0.008" /><testcase classname="tests.test_simulator" name="test_deadlock_attempts_and_unresolved_hold_are_logged" time="0.003" /><testcase classname="tests.test_simulator" name="test_energy_fault_keeps_task_and_nonnegative_battery" time="0.003" /><testcase classname="tests.test_simulator" name="test_idle_robot_yields_delivery_endpoint_before_congestion" time="0.005" /><testcase classname="tests.test_simulator" name="test_unblock_cannot_remove_static_map_wall" time="0.002" /><testcase classname="tests.test_simulator" name="test_reward_integrals_include_fractional_deadline_crossing" time="0.002" /><testcase classname="tests.test_simulator" name="test_full_station_queue_rejects_charge_without_side_effect" time="0.002" /><testcase classname="tests.test_simulator" name="test_multiple_carriers_complete_without_surrounding_delivery_cell" time="0.013" /><testcase classname="tests.test_simulator" name="test_exceeded_queue_wait_is_visible_emergency_and_cancels_booking" time="0.005" /><testcase classname="tests.test_simulator" name="test_predictably_late_booking_cancelled_before_wait_bound" time="0.005" /></testsuite></testsuites>